[neonri.com/index.html]
[neonri.com/images/smalllogo.png]
[backblue.gif]
[fade.gif]
[index.html]
[neonri.com/media/jui/js/jquery.min6a57.js]
[neonri.com/media/jui/js/jquery-noconflict6a57.js]
[neonri.com/media/jui/js/jquery-migrate.min6a57.js]
[neonri.com/media/jui/js/bootstrap.min6a57.js]
[neonri.com/media/system/js/core6a57.js]
[neonri.com/media/com_revslider/public/assets/js/jquery.themepunch.tools.min.js]
[neonri.com/media/com_revslider/public/assets/js/jquery.themepunch.revolution.min.js]
[neonri.com/templates/yootheme/vendor/assets/uikit/dist/js/uikit.min7be7.js]
[neonri.com/templates/yootheme/vendor/assets/uikit/dist/js/uikit-icons.min7be7.js]
[neonri.com/templates/yootheme/js/theme7be7.js]
[neonri.com/index.php/about/about-neon.html]
[neonri.com/index.php/about/faq.html]
[neonri.com/index.php/about/policies.html]
[neonri.com/index.php/about/vendors.html]
[neonri.com/index.php/about/neon-press.html]
[neonri.com/index.php/about/covid-19.html]
[neonri.com/index.php/live-music.html]
[neonri.com/index.php/live-music/music.html]
[neonri.com/index.php/retrogaming.html]
[neonri.com/index.php/retrogaming/retrogaming.html]
[neonri.com/index.php/retrogaming/arcade.html]
[neonri.com/index.php/retro-culture.html]
[neonri.com/index.php/retro-culture/film.html]
[neonri.com/index.php/retro-culture/lounge.html]
[neonri.com/index.php/vendors-2.html]
[neonri.com/index.php/vendors-2/vendors-2.html]
[neonri.com/index.php/travel/location.html]
[neonri.com/index.php/travel/hotel-rooms.html]
[neonri.com/index.php/travel/directions.html]
[neonri.com/index.php/contact/contact-us.html]
[neonri.com/index.php/contact/sponsor-neon.html]
[neonri.com/index.php/contact/volunteer.html]
[neonri.com/index.php/contact/perform.html]
[neonri.com/index.php/contact/vendors.html]
[neonri.com/index.php/contact/guest-event-form.html]
[neonri.com/index.php/contact/press.html]
[neonri.com/index.php/neon-fm.html]
[neonri.com/images/Background/background-2020-5-D.jpg]
[neonri.com/images/ArticleImages/vendors.jpg]
[neonri.com/images/ArticleImages/about.jpg]
[neonri.com/images/ArticleImages/music.jpg]
[neonri.com/images/ArticleImages/film.jpg]
[neonri.com/images/ArticleImages/console.jpg]
[neonri.com/images/ArticleImages/travelandhotel.jpg]
[neonri.com/images/ArticleImages/arcade.jpg]
[neonri.com/images/ArticleImages/aesthetic.jpg]
[neonri.com/index.html]
[neonri.com/favicon.ico]
[neonri.com/media/system/images/modal/closebox.png]
[neonri.com/media/system/images/modal/spinner.gif]
[neonri.com/media/system/images/modal/bg_n.png]
[neonri.com/media/system/images/modal/bg_ne.png]
[neonri.com/media/system/images/modal/bg_e.png]
[neonri.com/media/system/images/modal/bg_se.png]
[neonri.com/media/system/images/modal/bg_s.png]
[neonri.com/media/system/images/modal/bg_sw.png]
[neonri.com/media/system/images/modal/bg_w.png]
[neonri.com/media/system/css/modal6a57.css]
[neonri.com/media/system/images/modal/bg_nw.png]
[neonri.com/media/com_revslider/public/assets/fonts/revicons/revicons90c6.eot]
[neonri.com/media/com_revslider/public/assets/fonts/revicons/revicons90c6.woff]
[neonri.com/media/com_revslider/public/assets/fonts/revicons/revicons90c6.ttf]
[neonri.com/media/com_revslider/public/assets/assets/gridtile.png]
[neonri.com/media/com_revslider/public/assets/assets/gridtile_white.png]
[neonri.com/media/com_revslider/public/assets/assets/gridtile_3x3.png]
[neonri.com/media/com_revslider/public/assets/assets/gridtile_3x3_white.png]
[neonri.com/media/com_revslider/public/assets/assets/coloredbg.png]
[neonri.com/media/com_revslider/public/assets/assets/loader.gif]
[neonri.com/media/com_revslider/public/assets/css/settings.css]
[neonri.com/media/com_revslider/public/assets/fonts/font-awesome/fonts/fontawesome-webfont3e6e.eot]
[neonri.com/media/com_revslider/public/assets/fonts/font-awesome/fonts/fontawesome-webfontd41d.eot]
[neonri.com/media/com_revslider/public/assets/fonts/font-awesome/fonts/fontawesome-webfont3e6e.woff]
[neonri.com/media/com_revslider/public/assets/fonts/font-awesome/fonts/fontawesome-webfont3e6e.ttf]
[neonri.com/media/com_revslider/public/assets/fonts/font-awesome/css/font-awesome98d4.css]
[neonri.com/media/com_revslider/public/assets/fonts/pe-icon-7-stroke/fonts/Pe-icon-7-strokebb1d.eot]
[neonri.com/media/com_revslider/public/assets/fonts/pe-icon-7-stroke/fonts/Pe-icon-7-stroked41d.eot]
[neonri.com/media/com_revslider/public/assets/fonts/pe-icon-7-stroke/fonts/Pe-icon-7-strokebb1d.woff]
[neonri.com/media/com_revslider/public/assets/fonts/pe-icon-7-stroke/fonts/Pe-icon-7-strokebb1d.ttf]
[neonri.com/media/com_revslider/public/assets/fonts/pe-icon-7-stroke/css/pe-icon-7-stroke.css]
[neonri.com/media/jui/fonts/IcoMoon.eot]
[neonri.com/media/jui/fonts/IcoMoond41d.eot]
[neonri.com/media/jui/fonts/IcoMoon.woff]
[neonri.com/media/jui/fonts/IcoMoon.ttf]
[neonri.com/templates/yootheme/vendor/assets/uikit-themes/master-vibe/images/base-body-overlay.gif]
[neonri.com/templates/yootheme/css/theme0961.css]
[neonri.com/templates/yootheme/vendor/assets/uikit-themes/master-vibe/images/section-background-image.jpg]
[neonri.com/media/system/js/mootools-core6a57.js]
[neonri.com/images/logo-about4.gif]
[neonri.com/index.php/about/about-neon.html]
[neonri.com/index.php/about/faq.html]
[neonri.com/images/logo-blank.gif]
[neonri.com/index.php/about/policies.html]
[neonri.com/media/com_rsform/js/script.js]
[neonri.com/images/Vendors/vendors-final-3r.pdf]
[neonri.com/index.php/about/vendors.html]
[neonri.com/index.php/component/rsform/indexa8f7.html]
[neonri.com/images/logo-press.gif]
[neonri.com/index.php/about/neon-press.html]
[neonri.com/index.php/about/covid-19.html]
[neonri.com/images/logo-music1.gif]
[neonri.com/templates/yootheme/cache/wave1-f-e000e9f4.png]
[neonri.com/templates/yootheme/cache/wave2sm-4ca5e622.jpg]
[neonri.com/index.php/live-music.html]
[neonri.com/index.php/live-music/music.html]
[neonri.com/images/logo-console.gif]
[neonri.com/index.php/retrogaming.html]
[neonri.com/index.php/retrogaming/retrogaming.html]
[neonri.com/images/logo-arcade1.gif]
[neonri.com/images/helios-replay.jpg]
[neonri.com/index.php/retrogaming/arcade.html]
[neonri.com/index.php/retro-culture.html]
[neonri.com/index.php/retro-culture/film.html]
[neonri.com/images/logo-film.gif]
[neonri.com/images/logo-vaporlounge1.gif]
[neonri.com/index.php/retro-culture/lounge.html]
[neonri.com/index.php/vendors-2.html]
[neonri.com/index.php/component/rsform/index36f9.html]
[neonri.com/index.php/vendors-2/vendors-2.html]
[neonri.com/index.php/component/rsform/index799b.html]
[neonri.com/templates/yootheme/vendor/yootheme/theme/builder/map/app/map.min7be7.js]
[neonri.com/images/logo-location.gif]
[neonri.com/index.php/travel/location.html]
[neonri.com/images/logo-travel.gif]
[neonri.com/index.php/travel/hotel-rooms.html]
[neonri.com/media/system/js/mootools-more6a57.js]
[neonri.com/media/system/js/modal6a57.js]
[neonri.com/images/mainlogo-map.png]
[neonri.com/images/gmapfp/mainlogo.png]
[neonri.com/images/background-blank.jpg]
[neonri.com/index.php/travel/directions.html]
[neonri.com/index.php/contact/contact-us.html]
[neonri.com/index.php/component/rsform/index1a09.html]
[neonri.com/images/neon-sponsorship-web.jpg]
[neonri.com/index.php/contact/sponsor-neon.html]
[neonri.com/index.php/component/rsform/index2915.html]
[neonri.com/images/logo-volunteer.gif]
[neonri.com/index.php/contact/volunteer.html]
[neonri.com/index.php/component/rsform/index7da3.html]
[neonri.com/index.php/contact/perform.html]
[neonri.com/index.php/component/rsform/index4bb8.html]
[neonri.com/index.php/contact/vendors.html]
[neonri.com/index.php/component/rsform/indexa195.html]
[neonri.com/index.php/contact/guest-event-form.html]
[neonri.com/index.php/component/rsform/indexe415.html]
[neonri.com/index.php/contact/press.html]
[neonri.com/index.php/component/rsform/index57df.html]
[neonri.com/index.php/neon-fm31d9]
[neonri.com/media/com_easyblog/scripts/site-5.4.8-basic.min.js]
[neonri.com/index.php/neon-fm/categories.html]
[neonri.com/index.php/neon-fm/tags.html]
[neonri.com/index.php/neon-fm/blogger.html]
[neonri.com/index.php/neon-fm/archive.html]
[neonri.com/index.php/cb-forgot-login.html]
[neonri.com/index.php/neon-fm/blogger/grant.html]
[neonri.com/index.php/neon-fm/categories/uncategorized.html]
[neonri.com/index.php/neon-fm.html]
[neonri.com/media/com_revslider/public/assets/fonts/pe-icon-7-stroke/css/pe-icon-7-stroked41d.css]
[neonri.com/media/com_revslider/public/assets/fonts/revicons/revicons90c6.svg]
[neonri.com/media/com_revslider/public/assets/css/openhand.html]
[neonri.com/media/com_revslider/public/assets/css/closedhand.html]
[neonri.com/media/com_revslider/public/assets/fonts/font-awesome/fonts/fontawesome-webfont3e6e.html]
[neonri.com/media/com_revslider/public/assets/fonts/font-awesome/fonts/fontawesome-webfont3e6e.svg]
[neonri.com/media/com_revslider/public/assets/fonts/pe-icon-7-stroke/fonts/Pe-icon-7-strokebb1d.svg]
[neonri.com/media/jui/fonts/IcoMoon.svg]
[neonri.com/images/logo-about4.gif]
[neonri.com/index.php/neon-fm/2021-02-19-content-coming-soon.html]
[neonri.com/index.php/features/music.html]
[neonri.com/index.php/features/arcade.html]
[neonri.com/index.php/features/retrogaming.html]
[neonri.com/index.php/features/film.html]
[neonri.com/media/com_rsform/css/front.css]
[neonri.com/media/com_rsform/css/frameworks/responsive/responsive.css]
[neonri.com/images/logo-music1.gif]
[neonri.com/templates/yootheme/cache/wave1-f-e000e9f4.png]
[neonri.com/images/logo-film.gif]
[neonri.com/images/logo-console.gif]
[neonri.com/images/logo-location.gif]
[neonri.com/images/logo-travel.gif]
[neonri.com/index.php/neon-fm/categories.html]
[neonri.com/index.php/neon-fm/tags.html]
[neonri.com/index.php/neon-fm/categories/uncategorizedc0d0]
[neonri.com/index.php/neon-fm/blogger/grantc0d0]
[neonri.com/index.php/neon-fm/blogger.html]
[neonri.com/index.php/neon-fm/archive.html]
[neonri.com/index.php/cb-forgot-login.html]
[neonri.com/index.php/neon-fm/blogger/grant.html]
[neonri.com/index.php/neon-fm/2021-02-19-content-coming-soon22c8.html]
[neonri.com/index.php/neon-fm/2021-02-19-content-coming-soon9542.html]
[neonri.com/index.php/cb-login6854.html]
[neonri.com/index.php/neon-fm/2021-02-19-content-coming-soon.html]
[neonri.com/index.php/neon-fm/categories/uncategorized7b17]
[neonri.com/index.php/neon-fm/categories/uncategorized.html]
[neonri.com/index.php/neon-fm/2021-02-19-content-coming-soon22c8.html]
[neonri.com/index.php/neon-fm/2021-02-19-content-coming-soon9542.html]
[neonri.com/media/system/js/keepalive6a57.js]
[neonri.com/index.php/cb-login6854.html]
[neonri.com/index.php/cb-registration.html]
[neonri.com/index.php/cb-registration.html]
